{
  "version": "1.5.0",
  "plugins_used": [
    {
      "name": "ArtifactoryDetector"
    },
    {
      "name": "AWSKeyDetector"
    },
    {
      "name": "AzureStorageKeyDetector"
    },
    {
      "name": "Base64HighEntropyString",
      "limit": 4.5
    },
    {
      "name": "BasicAuthDetector"
    },
    {
      "name": "CloudantDetector"
    },
    {
      "name": "DiscordBotTokenDetector"
    },
    {
      "name": "GitHubTokenDetector"
    },
    {
      "name": "GitLabTokenDetector"
    },
    {
      "name": "HexHighEntropyString",
      "limit": 3.0
    },
    {
      "name": "IbmCloudIamDetector"
    },
    {
      "name": "IbmCosHmacDetector"
    },
    {
      "name": "IPPublicDetector"
    },
    {
      "name": "JwtTokenDetector"
    },
    {
      "name": "KeywordDetector",
      "keyword_exclude": ""
    },
    {
      "name": "MailchimpDetector"
    },
    {
      "name": "NpmDetector"
    },
    {
      "name": "OpenAIDetector"
    },
    {
      "name": "PrivateKeyDetector"
    },
    {
      "name": "PypiTokenDetector"
    },
    {
      "name": "SendGridDetector"
    },
    {
      "name": "SlackDetector"
    },
    {
      "name": "SoftlayerDetector"
    },
    {
      "name": "SquareOAuthDetector"
    },
    {
      "name": "StripeDetector"
    },
    {
      "name": "TelegramBotTokenDetector"
    },
    {
      "name": "TwilioKeyDetector"
    }
  ],
  "filters_used": [
    {
      "path": "detect_secrets.filters.allowlist.is_line_allowlisted"
    },
    {
      "path": "detect_secrets.filters.common.is_baseline_file",
      "filename": ".secrets.baseline"
    },
    {
      "path": "detect_secrets.filters.common.is_ignored_due_to_verification_policies",
      "min_level": 2
    },
    {
      "path": "detect_secrets.filters.heuristic.is_indirect_reference"
    },
    {
      "path": "detect_secrets.filters.heuristic.is_likely_id_string"
    },
    {
      "path": "detect_secrets.filters.heuristic.is_lock_file"
    },
    {
      "path": "detect_secrets.filters.heuristic.is_not_alphanumeric_string"
    },
    {
      "path": "detect_secrets.filters.heuristic.is_potential_uuid"
    },
    {
      "path": "detect_secrets.filters.heuristic.is_prefixed_with_dollar_sign"
    },
    {
      "path": "detect_secrets.filters.heuristic.is_sequential_string"
    },
    {
      "path": "detect_secrets.filters.heuristic.is_swagger_file"
    },
    {
      "path": "detect_secrets.filters.heuristic.is_templated_secret"
    },
    {
      "path": "detect_secrets.filters.regex.should_exclude_file",
      "pattern": [
        "artifacts/.*",
        "output/.*",
        "dist/.*",
        ".*\\.lock$",
        "package-lock\\.json",
        ".*\\.secrets\\.baseline$"
      ]
    }
  ],
  "results": {
    "contracts/learning-report.md": [
      {
        "type": "Secret Keyword",
        "filename": "contracts/learning-report.md",
        "hashed_secret": "d1eed6ed4ad2a3cce557017de3a42556838234ea",
        "is_verified": false,
        "line_number": 111
      }
    ],
    "deeptutor/agents/guide/agents/interactive_agent.py": [
      {
        "type": "Base64 High Entropy String",
        "filename": "deeptutor/agents/guide/agents/interactive_agent.py",
        "hashed_secret": "559f33e318ea8360e316ec7409de63272a7daea0",
        "is_verified": false,
        "line_number": 88
      },
      {
        "type": "Base64 High Entropy String",
        "filename": "deeptutor/agents/guide/agents/interactive_agent.py",
        "hashed_secret": "fe9ae166dc80168f37e50564be9e45c016a48cd0",
        "is_verified": false,
        "line_number": 89
      },
      {
        "type": "Base64 High Entropy String",
        "filename": "deeptutor/agents/guide/agents/interactive_agent.py",
        "hashed_secret": "482f1d4d250823ce0ff5fad9dfaf0d471835aedb",
        "is_verified": false,
        "line_number": 90
      }
    ],
    "deeptutor/agents/solve/main_solver.py": [
      {
        "type": "Secret Keyword",
        "filename": "deeptutor/agents/solve/main_solver.py",
        "hashed_secret": "985b05576c57bdeccfcaf33261ea1c43ce7e3155",
        "is_verified": false,
        "line_number": 184
      }
    ],
    "deeptutor/api/routers/system.py": [
      {
        "type": "Secret Keyword",
        "filename": "deeptutor/api/routers/system.py",
        "hashed_secret": "985b05576c57bdeccfcaf33261ea1c43ce7e3155",
        "is_verified": false,
        "line_number": 225
      }
    ],
    "deeptutor/services/config/provider_runtime.py": [
      {
        "type": "Secret Keyword",
        "filename": "deeptutor/services/config/provider_runtime.py",
        "hashed_secret": "985b05576c57bdeccfcaf33261ea1c43ce7e3155",
        "is_verified": false,
        "line_number": 436
      }
    ],
    "deeptutor/services/learner_state/attempt_refs.py": [
      {
        "type": "Secret Keyword",
        "filename": "deeptutor/services/learner_state/attempt_refs.py",
        "hashed_secret": "c92d19c19b0d3c5eae7ec2ce9c3133025da8367f",
        "is_verified": false,
        "line_number": 13
      }
    ],
    "deeptutor/services/search/base.py": [
      {
        "type": "Secret Keyword",
        "filename": "deeptutor/services/search/base.py",
        "hashed_secret": "8ee9d3cc35862a8ad26f9e27fb60db0e22ffe145",
        "is_verified": false,
        "line_number": 31
      }
    ],
    "deeptutor_cli/provider_cmd.py": [
      {
        "type": "Secret Keyword",
        "filename": "deeptutor_cli/provider_cmd.py",
        "hashed_secret": "9b794bcc23cd8b240bf10f862200ca49e3edfbed",
        "is_verified": false,
        "line_number": 66
      }
    ],
    "deployment/searxng/settings.yml": [
      {
        "type": "Secret Keyword",
        "filename": "deployment/searxng/settings.yml",
        "hashed_secret": "aa00e116434df1c2f615a95871589ea1943097cb",
        "is_verified": false,
        "line_number": 19
      }
    ],
    "docs/bi-cockpit-preview/2026-06-12-bi-vnext-design-board.html": [
      {
        "type": "Base64 High Entropy String",
        "filename": "docs/bi-cockpit-preview/2026-06-12-bi-vnext-design-board.html",
        "hashed_secret": "7feec5a42615de12784c38d0a6bd7826640d3970",
        "is_verified": false,
        "line_number": 9
      }
    ],
    "docs/qa/2026-05-19-wechat-harness.md": [
      {
        "type": "Hex High Entropy String",
        "filename": "docs/qa/2026-05-19-wechat-harness.md",
        "hashed_secret": "24070f5f4ae6f31aef2419ef84ff5d655eaff10c",
        "is_verified": false,
        "line_number": 176
      },
      {
        "type": "Hex High Entropy String",
        "filename": "docs/qa/2026-05-19-wechat-harness.md",
        "hashed_secret": "a91a744a42c202dfa1b3933a8326b05bcb69bea9",
        "is_verified": false,
        "line_number": 177
      }
    ],
    "domains/quality-flywheel/metrics/accuracy.jsonl": [
      {
        "type": "Hex High Entropy String",
        "filename": "domains/quality-flywheel/metrics/accuracy.jsonl",
        "hashed_secret": "e70c84854b9076948db844044a896b0613533ac8",
        "is_verified": false,
        "line_number": 7
      },
      {
        "type": "Hex High Entropy String",
        "filename": "domains/quality-flywheel/metrics/accuracy.jsonl",
        "hashed_secret": "a9552eedb34c6f7d5b842e704763af2556a1c692",
        "is_verified": false,
        "line_number": 13
      },
      {
        "type": "Hex High Entropy String",
        "filename": "domains/quality-flywheel/metrics/accuracy.jsonl",
        "hashed_secret": "63297a81c57fc3b0e2f9290e764c74342a88e3a9",
        "is_verified": false,
        "line_number": 19
      },
      {
        "type": "Hex High Entropy String",
        "filename": "domains/quality-flywheel/metrics/accuracy.jsonl",
        "hashed_secret": "6a97885f291f734feb193a36115d04cf8e4a41f7",
        "is_verified": false,
        "line_number": 25
      }
    ],
    "scripts/audit_luban_grading_to_brain_current_gap.py": [
      {
        "type": "Base64 High Entropy String",
        "filename": "scripts/audit_luban_grading_to_brain_current_gap.py",
        "hashed_secret": "cf947d2a7fd8010862310cd092898724e760e0bd",
        "is_verified": false,
        "line_number": 42
      }
    ],
    "scripts/build_luban_485_list_rule_policy.py": [
      {
        "type": "Base64 High Entropy String",
        "filename": "scripts/build_luban_485_list_rule_policy.py",
        "hashed_secret": "33644f23cd76b6148fbe492e240c184d5d0fe3e9",
        "is_verified": false,
        "line_number": 32
      }
    ],
    "scripts/build_luban_full_485_loo_and_fallback.py": [
      {
        "type": "Base64 High Entropy String",
        "filename": "scripts/build_luban_full_485_loo_and_fallback.py",
        "hashed_secret": "33644f23cd76b6148fbe492e240c184d5d0fe3e9",
        "is_verified": false,
        "line_number": 22
      },
      {
        "type": "Base64 High Entropy String",
        "filename": "scripts/build_luban_full_485_loo_and_fallback.py",
        "hashed_secret": "e999965cfc0b7232b6ef2ad9a6334c45d5d9ba98",
        "is_verified": false,
        "line_number": 25
      }
    ],
    "scripts/build_luban_list_rule_semantic_model_bakeoff.py": [
      {
        "type": "Base64 High Entropy String",
        "filename": "scripts/build_luban_list_rule_semantic_model_bakeoff.py",
        "hashed_secret": "33644f23cd76b6148fbe492e240c184d5d0fe3e9",
        "is_verified": false,
        "line_number": 30
      }
    ],
    "scripts/build_luban_selective_abstention.py": [
      {
        "type": "Base64 High Entropy String",
        "filename": "scripts/build_luban_selective_abstention.py",
        "hashed_secret": "33644f23cd76b6148fbe492e240c184d5d0fe3e9",
        "is_verified": false,
        "line_number": 27
      }
    ],
    "scripts/check_secret_envs.py": [
      {
        "type": "Secret Keyword",
        "filename": "scripts/check_secret_envs.py",
        "hashed_secret": "c92d19c19b0d3c5eae7ec2ce9c3133025da8367f",
        "is_verified": false,
        "line_number": 9
      }
    ],
    "scripts/compile_2026_scoring_point_assets.py": [
      {
        "type": "Base64 High Entropy String",
        "filename": "scripts/compile_2026_scoring_point_assets.py",
        "hashed_secret": "b085c32bd9861b76d33eaac5bd3275578cd74756",
        "is_verified": false,
        "line_number": 29
      }
    ],
    "scripts/run_luban_delta_to_registry_candidate_staging_m202.py": [
      {
        "type": "Hex High Entropy String",
        "filename": "scripts/run_luban_delta_to_registry_candidate_staging_m202.py",
        "hashed_secret": "23915e4a401a6970a9e251622087a3850bb01134",
        "is_verified": false,
        "line_number": 27
      }
    ],
    "scripts/run_luban_docs2026_runtime_reconciliation.py": [
      {
        "type": "Base64 High Entropy String",
        "filename": "scripts/run_luban_docs2026_runtime_reconciliation.py",
        "hashed_secret": "b085c32bd9861b76d33eaac5bd3275578cd74756",
        "is_verified": false,
        "line_number": 20
      }
    ],
    "scripts/run_luban_llm_artifact_compiler_live_delta_replay_m201.py": [
      {
        "type": "Hex High Entropy String",
        "filename": "scripts/run_luban_llm_artifact_compiler_live_delta_replay_m201.py",
        "hashed_secret": "23915e4a401a6970a9e251622087a3850bb01134",
        "is_verified": false,
        "line_number": 28
      }
    ],
    "scripts/run_luban_m26_acceptance_oracle_pack.py": [
      {
        "type": "Secret Keyword",
        "filename": "scripts/run_luban_m26_acceptance_oracle_pack.py",
        "hashed_secret": "c4d5b557dd078fbd554dc16016c9a2db7181a243",
        "is_verified": false,
        "line_number": 771
      }
    ],
    "scripts/run_luban_m31_governed_objective_runtime_binding.py": [
      {
        "type": "Hex High Entropy String",
        "filename": "scripts/run_luban_m31_governed_objective_runtime_binding.py",
        "hashed_secret": "bfb62e85adb57b28c58e971bf964966f3eb3e587",
        "is_verified": false,
        "line_number": 36
      }
    ],
    "scripts/run_luban_p0_leaf_source_reanchor_candidates.py": [
      {
        "type": "Base64 High Entropy String",
        "filename": "scripts/run_luban_p0_leaf_source_reanchor_candidates.py",
        "hashed_secret": "b085c32bd9861b76d33eaac5bd3275578cd74756",
        "is_verified": false,
        "line_number": 23
      }
    ],
    "scripts/run_luban_production_default_decision_synthesis_m19b.py": [
      {
        "type": "Base64 High Entropy String",
        "filename": "scripts/run_luban_production_default_decision_synthesis_m19b.py",
        "hashed_secret": "d4016a619fc86df526f3981ee6ac5aef4f09df4c",
        "is_verified": false,
        "line_number": 423
      }
    ],
    "scripts/run_luban_rich_leaf_frozen_v11_deployment_eval.py": [
      {
        "type": "Base64 High Entropy String",
        "filename": "scripts/run_luban_rich_leaf_frozen_v11_deployment_eval.py",
        "hashed_secret": "617cbcca1f334188a91d0d8dee3205c53ca04e00",
        "is_verified": false,
        "line_number": 37
      }
    ],
    "scripts/run_luban_v0_v1_ab_benchmark_m24.py": [
      {
        "type": "Basic Auth Credentials",
        "filename": "scripts/run_luban_v0_v1_ab_benchmark_m24.py",
        "hashed_secret": "c1102adc6b4a69b7c52bdb70484786cc6537acb0",
        "is_verified": false,
        "line_number": 703
      }
    ],
    "scripts/run_objective_product_loop_m25ef.py": [
      {
        "type": "Base64 High Entropy String",
        "filename": "scripts/run_objective_product_loop_m25ef.py",
        "hashed_secret": "540a1078fda5c44470c605994194ca72dc995a2c",
        "is_verified": false,
        "line_number": 18
      }
    ],
    "tests/agents/chat/test_agentic_parallel_tools.py": [
      {
        "type": "Secret Keyword",
        "filename": "tests/agents/chat/test_agentic_parallel_tools.py",
        "hashed_secret": "bbd3db4943fdd48782280b5f2ccb33d0305d0152",
        "is_verified": false,
        "line_number": 1860
      }
    ],
    "tests/agents/guide/test_guide_manager_writeback.py": [
      {
        "type": "Secret Keyword",
        "filename": "tests/agents/guide/test_guide_manager_writeback.py",
        "hashed_secret": "3acfb2c2b433c0ea7ff107e33df91b18e52f960f",
        "is_verified": false,
        "line_number": 129
      }
    ],
    "tests/agents/test_base_agent_binding.py": [
      {
        "type": "Secret Keyword",
        "filename": "tests/agents/test_base_agent_binding.py",
        "hashed_secret": "e9a5f12a8ecbb3eb46eca5096b5c52aa5e7c9fdd",
        "is_verified": false,
        "line_number": 18
      }
    ],
    "tests/api/test_mobile_router.py": [
      {
        "type": "Secret Keyword",
        "filename": "tests/api/test_mobile_router.py",
        "hashed_secret": "be57d8e1a2a7a4e5c034e7790659309f5e5539c0",
        "is_verified": false,
        "line_number": 3179
      },
      {
        "type": "Secret Keyword",
        "filename": "tests/api/test_mobile_router.py",
        "hashed_secret": "ffac6ba71b03ca5f5012197511d76fbcfcf62fbf",
        "is_verified": false,
        "line_number": 3206
      },
      {
        "type": "Secret Keyword",
        "filename": "tests/api/test_mobile_router.py",
        "hashed_secret": "ebcedd4c5aa12cd18fed22aec280ff07b84964ee",
        "is_verified": false,
        "line_number": 3223
      },
      {
        "type": "Secret Keyword",
        "filename": "tests/api/test_mobile_router.py",
        "hashed_secret": "606238e525f7dafc49fed157e036866913ea3e40",
        "is_verified": false,
        "line_number": 3319
      }
    ],
    "tests/api/test_mobile_wallet_identity.py": [
      {
        "type": "Secret Keyword",
        "filename": "tests/api/test_mobile_wallet_identity.py",
        "hashed_secret": "e9f822db61774ec7f2ee8818c461a1ffcf94cfaf",
        "is_verified": false,
        "line_number": 726
      }
    ],
    "tests/api/test_settings_router.py": [
      {
        "type": "Secret Keyword",
        "filename": "tests/api/test_settings_router.py",
        "hashed_secret": "dff6d4ff5dc357cf451d1855ab9cbda562645c9f",
        "is_verified": false,
        "line_number": 227
      },
      {
        "type": "Secret Keyword",
        "filename": "tests/api/test_settings_router.py",
        "hashed_secret": "96e748b5af8fcfe7ee7342d70171f7264e5b1d17",
        "is_verified": false,
        "line_number": 230
      },
      {
        "type": "Secret Keyword",
        "filename": "tests/api/test_settings_router.py",
        "hashed_secret": "f2bb1f20475e99c2af44a6f6844c1329bea9d3d2",
        "is_verified": false,
        "line_number": 251
      },
      {
        "type": "Secret Keyword",
        "filename": "tests/api/test_settings_router.py",
        "hashed_secret": "5fbded794fd732ce7ef6d8776e8ad896e4269790",
        "is_verified": false,
        "line_number": 254
      },
      {
        "type": "Secret Keyword",
        "filename": "tests/api/test_settings_router.py",
        "hashed_secret": "3090ca86558e326f27cb6f36d0592ed339f108be",
        "is_verified": false,
        "line_number": 259
      },
      {
        "type": "Secret Keyword",
        "filename": "tests/api/test_settings_router.py",
        "hashed_secret": "75a95227ab69f9c53cf5f43a92d30c6251bec704",
        "is_verified": false,
        "line_number": 262
      },
      {
        "type": "Secret Keyword",
        "filename": "tests/api/test_settings_router.py",
        "hashed_secret": "b678c74add6b9e34a8364c8f4496851976b44648",
        "is_verified": false,
        "line_number": 297
      },
      {
        "type": "Secret Keyword",
        "filename": "tests/api/test_settings_router.py",
        "hashed_secret": "7e680ff24bbba9101775fd7c752f161494734872",
        "is_verified": false,
        "line_number": 300
      },
      {
        "type": "Secret Keyword",
        "filename": "tests/api/test_settings_router.py",
        "hashed_secret": "dead4f2e61677d190bcba278d78c66ade066b4e7",
        "is_verified": false,
        "line_number": 305
      },
      {
        "type": "Secret Keyword",
        "filename": "tests/api/test_settings_router.py",
        "hashed_secret": "5f6fd2d80413487e009395d753a7ced42aa94f13",
        "is_verified": false,
        "line_number": 308
      },
      {
        "type": "Secret Keyword",
        "filename": "tests/api/test_settings_router.py",
        "hashed_secret": "f238d283640439a85f968c65cc9649f250355c57",
        "is_verified": false,
        "line_number": 341
      },
      {
        "type": "Secret Keyword",
        "filename": "tests/api/test_settings_router.py",
        "hashed_secret": "7f5a4fae08db4ae2f6ac64a32c9d1df20db2d0ca",
        "is_verified": false,
        "line_number": 344
      },
      {
        "type": "Secret Keyword",
        "filename": "tests/api/test_settings_router.py",
        "hashed_secret": "8fc0323f6182e072ccc0778d9d9bd00697c2278e",
        "is_verified": false,
        "line_number": 349
      },
      {
        "type": "Secret Keyword",
        "filename": "tests/api/test_settings_router.py",
        "hashed_secret": "c10f89e0ae68f06096cf38f7a700c3ed9130cc7c",
        "is_verified": false,
        "line_number": 352
      }
    ],
    "tests/api/test_system_router.py": [
      {
        "type": "Secret Keyword",
        "filename": "tests/api/test_system_router.py",
        "hashed_secret": "e5e9fa1ba31ecd1ae84f75caaa474f3a663f05f4",
        "is_verified": false,
        "line_number": 142
      },
      {
        "type": "Secret Keyword",
        "filename": "tests/api/test_system_router.py",
        "hashed_secret": "3acfb2c2b433c0ea7ff107e33df91b18e52f960f",
        "is_verified": false,
        "line_number": 278
      }
    ],
    "tests/core/test_builtin_tools.py": [
      {
        "type": "Secret Keyword",
        "filename": "tests/core/test_builtin_tools.py",
        "hashed_secret": "a62f2225bf70bfaccbc7f1ef2a397836717377de",
        "is_verified": false,
        "line_number": 233
      }
    ],
    "tests/scripts/test_aliyun_deploy_scripts.py": [
      {
        "type": "Base64 High Entropy String",
        "filename": "tests/scripts/test_aliyun_deploy_scripts.py",
        "hashed_secret": "e05b3038f60c19c66bbb9dde7ad6bcb63e0a2f34",
        "is_verified": false,
        "line_number": 283
      },
      {
        "type": "Base64 High Entropy String",
        "filename": "tests/scripts/test_aliyun_deploy_scripts.py",
        "hashed_secret": "7e427dfd2cc5831a816d9c9707bc6714c98eed97",
        "is_verified": false,
        "line_number": 310
      }
    ],
    "tests/scripts/test_backfill_mistake_book_from_learning_evidence.py": [
      {
        "type": "Secret Keyword",
        "filename": "tests/scripts/test_backfill_mistake_book_from_learning_evidence.py",
        "hashed_secret": "e5e9fa1ba31ecd1ae84f75caaa474f3a663f05f4",
        "is_verified": false,
        "line_number": 123
      }
    ],
    "tests/scripts/test_learner_memory_lifecycle_test2_cohort_soak.py": [
      {
        "type": "Secret Keyword",
        "filename": "tests/scripts/test_learner_memory_lifecycle_test2_cohort_soak.py",
        "hashed_secret": "ebcedd4c5aa12cd18fed22aec280ff07b84964ee",
        "is_verified": false,
        "line_number": 456
      }
    ],
    "tests/scripts/test_learning_report_read_model_e2e.py": [
      {
        "type": "Secret Keyword",
        "filename": "tests/scripts/test_learning_report_read_model_e2e.py",
        "hashed_secret": "16fd88d2ec5fcc4d6acddf4395472a2171dfcc22",
        "is_verified": false,
        "line_number": 99
      },
      {
        "type": "Secret Keyword",
        "filename": "tests/scripts/test_learning_report_read_model_e2e.py",
        "hashed_secret": "104ee1dfbc081af9b039c599afa651f825430510",
        "is_verified": false,
        "line_number": 100
      },
      {
        "type": "Secret Keyword",
        "filename": "tests/scripts/test_learning_report_read_model_e2e.py",
        "hashed_secret": "326f455a1cc8fff3fd2bddd8cb2e14b69ede77da",
        "is_verified": false,
        "line_number": 108
      },
      {
        "type": "Secret Keyword",
        "filename": "tests/scripts/test_learning_report_read_model_e2e.py",
        "hashed_secret": "5df954717d2b9e62ae30c71847579b29a8f8524c",
        "is_verified": false,
        "line_number": 144
      },
      {
        "type": "Secret Keyword",
        "filename": "tests/scripts/test_learning_report_read_model_e2e.py",
        "hashed_secret": "3cf2165a84f6d70e8a634438a7c87c1bf48257ce",
        "is_verified": false,
        "line_number": 150
      }
    ],
    "tests/scripts/test_luban_485_list_rule_policy.py": [
      {
        "type": "Base64 High Entropy String",
        "filename": "tests/scripts/test_luban_485_list_rule_policy.py",
        "hashed_secret": "33644f23cd76b6148fbe492e240c184d5d0fe3e9",
        "is_verified": false,
        "line_number": 16
      }
    ],
    "tests/scripts/test_luban_deepseek_shadow_v0_full_485.py": [
      {
        "type": "Base64 High Entropy String",
        "filename": "tests/scripts/test_luban_deepseek_shadow_v0_full_485.py",
        "hashed_secret": "33644f23cd76b6148fbe492e240c184d5d0fe3e9",
        "is_verified": false,
        "line_number": 12
      }
    ],
    "tests/scripts/test_luban_deepseek_shadow_v0_plan_assets.py": [
      {
        "type": "Base64 High Entropy String",
        "filename": "tests/scripts/test_luban_deepseek_shadow_v0_plan_assets.py",
        "hashed_secret": "208605f2a64272f7057e8ed75bb53e6984b3e083",
        "is_verified": false,
        "line_number": 12
      }
    ],
    "tests/scripts/test_luban_m35_ai_governed_gold_labeling.py": [
      {
        "type": "Secret Keyword",
        "filename": "tests/scripts/test_luban_m35_ai_governed_gold_labeling.py",
        "hashed_secret": "124e78ae99eaf03c7f5a2f4e46f44da5fa57b7f0",
        "is_verified": false,
        "line_number": 404
      }
    ],
    "tests/scripts/test_luban_m35_deepseek_adversarial_probe.py": [
      {
        "type": "Secret Keyword",
        "filename": "tests/scripts/test_luban_m35_deepseek_adversarial_probe.py",
        "hashed_secret": "7f163ce37a90ef99a085951e4e2a8f262739ea34",
        "is_verified": false,
        "line_number": 58
      }
    ],
    "tests/scripts/test_luban_m35_three_model_blind_ab.py": [
      {
        "type": "Secret Keyword",
        "filename": "tests/scripts/test_luban_m35_three_model_blind_ab.py",
        "hashed_secret": "87fe9e1b6f3e7c6de0de9a4088466762b6ad8e4e",
        "is_verified": false,
        "line_number": 66
      },
      {
        "type": "Secret Keyword",
        "filename": "tests/scripts/test_luban_m35_three_model_blind_ab.py",
        "hashed_secret": "e2da15f5282bd3fa614e0e934f3bcfdeb94631fb",
        "is_verified": false,
        "line_number": 90
      },
      {
        "type": "Secret Keyword",
        "filename": "tests/scripts/test_luban_m35_three_model_blind_ab.py",
        "hashed_secret": "29d5637402acb54e30c4abcebafce3e426d3caa9",
        "is_verified": false,
        "line_number": 91
      }
    ],
    "tests/scripts/test_luban_remote_deployment_authorization_package_m19e.py": [
      {
        "type": "Base64 High Entropy String",
        "filename": "tests/scripts/test_luban_remote_deployment_authorization_package_m19e.py",
        "hashed_secret": "deba4c18c9f6c2feca5664cc634434c91dbf634e",
        "is_verified": false,
        "line_number": 16
      }
    ],
    "tests/scripts/test_luban_rich_leaf_interop_audit.py": [
      {
        "type": "Hex High Entropy String",
        "filename": "tests/scripts/test_luban_rich_leaf_interop_audit.py",
        "hashed_secret": "cabf04219b6c8f44861dc89f59e7fbc11151fae7",
        "is_verified": false,
        "line_number": 796
      }
    ],
    "tests/scripts/test_m35_gold_judges.py": [
      {
        "type": "Secret Keyword",
        "filename": "tests/scripts/test_m35_gold_judges.py",
        "hashed_secret": "59149ff9aa4d158fb53be5b1bd1c7f89f2efd74d",
        "is_verified": false,
        "line_number": 137
      },
      {
        "type": "Secret Keyword",
        "filename": "tests/scripts/test_m35_gold_judges.py",
        "hashed_secret": "d17f1ab3e20d30ec8e0ec98bc91e03091f0573e1",
        "is_verified": false,
        "line_number": 141
      },
      {
        "type": "Secret Keyword",
        "filename": "tests/scripts/test_m35_gold_judges.py",
        "hashed_secret": "95c22b9cf112932bb37db9c39fab1e95ceffcac8",
        "is_verified": false,
        "line_number": 390
      }
    ],
    "tests/scripts/test_run_long_dialog_v1_retest.py": [
      {
        "type": "Secret Keyword",
        "filename": "tests/scripts/test_run_long_dialog_v1_retest.py",
        "hashed_secret": "dff6d4ff5dc357cf451d1855ab9cbda562645c9f",
        "is_verified": false,
        "line_number": 319
      }
    ],
    "tests/scripts/test_run_mobile_login_smoke.py": [
      {
        "type": "Secret Keyword",
        "filename": "tests/scripts/test_run_mobile_login_smoke.py",
        "hashed_secret": "4c185ac0da79fdb35efc56159c4fd211c238a164",
        "is_verified": false,
        "line_number": 217
      }
    ],
    "tests/scripts/test_run_wechat_tutorbot_qa_batch.py": [
      {
        "type": "Secret Keyword",
        "filename": "tests/scripts/test_run_wechat_tutorbot_qa_batch.py",
        "hashed_secret": "7b8deb498ec99f782c37872b5f77a06138c9a8c6",
        "is_verified": false,
        "line_number": 171
      }
    ],
    "tests/scripts/test_seed_luban_internal_qa_accounts.py": [
      {
        "type": "Secret Keyword",
        "filename": "tests/scripts/test_seed_luban_internal_qa_accounts.py",
        "hashed_secret": "fdd4f3b38e91ede542c600dec4256cfd9d2facfc",
        "is_verified": false,
        "line_number": 24
      }
    ],
    "tests/scripts/test_wallet_authority_wp1.py": [
      {
        "type": "Basic Auth Credentials",
        "filename": "tests/scripts/test_wallet_authority_wp1.py",
        "hashed_secret": "afc848c316af1a89d49826c5ae9d00ed769415f3",
        "is_verified": false,
        "line_number": 19
      },
      {
        "type": "Secret Keyword",
        "filename": "tests/scripts/test_wallet_authority_wp1.py",
        "hashed_secret": "b315268783c6464d45deaf7fd551b5601f8b75b9",
        "is_verified": false,
        "line_number": 26
      }
    ],
    "tests/security/test_tutorbot_redteam_matrix.py": [
      {
        "type": "Secret Keyword",
        "filename": "tests/security/test_tutorbot_redteam_matrix.py",
        "hashed_secret": "c053ecf9ed41df0311b9df13cc6c3b6078d2d3c2",
        "is_verified": false,
        "line_number": 45
      }
    ],
    "tests/services/benchmark/test_exam_quality_eval.py": [
      {
        "type": "Secret Keyword",
        "filename": "tests/services/benchmark/test_exam_quality_eval.py",
        "hashed_secret": "653adf4235588f6e34501108a349f52e0885988c",
        "is_verified": false,
        "line_number": 122
      }
    ],
    "tests/services/config/test_embedding_runtime.py": [
      {
        "type": "Secret Keyword",
        "filename": "tests/services/config/test_embedding_runtime.py",
        "hashed_secret": "9aaa910eb49fa1f278c7288f0fa6001c16965716",
        "is_verified": false,
        "line_number": 68
      },
      {
        "type": "Secret Keyword",
        "filename": "tests/services/config/test_embedding_runtime.py",
        "hashed_secret": "985b05576c57bdeccfcaf33261ea1c43ce7e3155",
        "is_verified": false,
        "line_number": 134
      },
      {
        "type": "Secret Keyword",
        "filename": "tests/services/config/test_embedding_runtime.py",
        "hashed_secret": "e9a5f12a8ecbb3eb46eca5096b5c52aa5e7c9fdd",
        "is_verified": false,
        "line_number": 144
      },
      {
        "type": "Secret Keyword",
        "filename": "tests/services/config/test_embedding_runtime.py",
        "hashed_secret": "8c895e1fc99e38655efea259aaa5510bde46b81c",
        "is_verified": false,
        "line_number": 182
      }
    ],
    "tests/services/config/test_env_store.py": [
      {
        "type": "Secret Keyword",
        "filename": "tests/services/config/test_env_store.py",
        "hashed_secret": "e973366485d16928344e524362b3f0378187d875",
        "is_verified": false,
        "line_number": 89
      }
    ],
    "tests/services/config/test_provider_runtime.py": [
      {
        "type": "Secret Keyword",
        "filename": "tests/services/config/test_provider_runtime.py",
        "hashed_secret": "b07bfd6660c8a5e8f47ed4967498d25f095cb7c5",
        "is_verified": false,
        "line_number": 147
      },
      {
        "type": "Secret Keyword",
        "filename": "tests/services/config/test_provider_runtime.py",
        "hashed_secret": "450c76da55f01231662a8bb52d894f004c601b47",
        "is_verified": false,
        "line_number": 214
      },
      {
        "type": "Secret Keyword",
        "filename": "tests/services/config/test_provider_runtime.py",
        "hashed_secret": "1e8f4accfda4813178f4f6317c767a915bfbf227",
        "is_verified": false,
        "line_number": 225
      },
      {
        "type": "Secret Keyword",
        "filename": "tests/services/config/test_provider_runtime.py",
        "hashed_secret": "985b05576c57bdeccfcaf33261ea1c43ce7e3155",
        "is_verified": false,
        "line_number": 293
      },
      {
        "type": "Secret Keyword",
        "filename": "tests/services/config/test_provider_runtime.py",
        "hashed_secret": "70efd783fafb3bceea5b19c2354b793431690f7e",
        "is_verified": false,
        "line_number": 303
      },
      {
        "type": "Secret Keyword",
        "filename": "tests/services/config/test_provider_runtime.py",
        "hashed_secret": "77daed1d13aca9281aabe96a20b0d3e93736368d",
        "is_verified": false,
        "line_number": 315
      },
      {
        "type": "Secret Keyword",
        "filename": "tests/services/config/test_provider_runtime.py",
        "hashed_secret": "1063e99f85cf23ff1a465d2edfe979b86cfa6947",
        "is_verified": false,
        "line_number": 427
      },
      {
        "type": "Secret Keyword",
        "filename": "tests/services/config/test_provider_runtime.py",
        "hashed_secret": "40e95c4ef0d22faaa94ee41c3f49fe85eaf0d4c0",
        "is_verified": false,
        "line_number": 437
      }
    ],
    "tests/services/construction_grading/test_m30r_canonical_pointer.py": [
      {
        "type": "Hex High Entropy String",
        "filename": "tests/services/construction_grading/test_m30r_canonical_pointer.py",
        "hashed_secret": "28d196d462e1205a0249663739226ef444509b4c",
        "is_verified": false,
        "line_number": 14
      },
      {
        "type": "Hex High Entropy String",
        "filename": "tests/services/construction_grading/test_m30r_canonical_pointer.py",
        "hashed_secret": "bfb62e85adb57b28c58e971bf964966f3eb3e587",
        "is_verified": false,
        "line_number": 15
      }
    ],
    "tests/services/embedding/test_client_runtime.py": [
      {
        "type": "Secret Keyword",
        "filename": "tests/services/embedding/test_client_runtime.py",
        "hashed_secret": "e9a5f12a8ecbb3eb46eca5096b5c52aa5e7c9fdd",
        "is_verified": false,
        "line_number": 63
      }
    ],
    "tests/services/embedding/test_openai_compatible_adapter.py": [
      {
        "type": "Secret Keyword",
        "filename": "tests/services/embedding/test_openai_compatible_adapter.py",
        "hashed_secret": "985b05576c57bdeccfcaf33261ea1c43ce7e3155",
        "is_verified": false,
        "line_number": 68
      }
    ],
    "tests/services/learner_state/test_mistake_book.py": [
      {
        "type": "Secret Keyword",
        "filename": "tests/services/learner_state/test_mistake_book.py",
        "hashed_secret": "b315268783c6464d45deaf7fd551b5601f8b75b9",
        "is_verified": false,
        "line_number": 246
      }
    ],
    "tests/services/learner_state/test_supabase_store.py": [
      {
        "type": "Secret Keyword",
        "filename": "tests/services/learner_state/test_supabase_store.py",
        "hashed_secret": "b315268783c6464d45deaf7fd551b5601f8b75b9",
        "is_verified": false,
        "line_number": 112
      }
    ],
    "tests/services/learner_state/test_supabase_writer.py": [
      {
        "type": "Secret Keyword",
        "filename": "tests/services/learner_state/test_supabase_writer.py",
        "hashed_secret": "b315268783c6464d45deaf7fd551b5601f8b75b9",
        "is_verified": false,
        "line_number": 92
      }
    ],
    "tests/services/llm/test_config_module.py": [
      {
        "type": "Secret Keyword",
        "filename": "tests/services/llm/test_config_module.py",
        "hashed_secret": "6b8f36db289d14c3c7ba1bb21147b7a4fa7e7536",
        "is_verified": false,
        "line_number": 40
      },
      {
        "type": "Secret Keyword",
        "filename": "tests/services/llm/test_config_module.py",
        "hashed_secret": "3acfb2c2b433c0ea7ff107e33df91b18e52f960f",
        "is_verified": false,
        "line_number": 102
      },
      {
        "type": "Secret Keyword",
        "filename": "tests/services/llm/test_config_module.py",
        "hashed_secret": "0c8a74bb623bfc686e623d3ef0c70c9a6e2e251e",
        "is_verified": false,
        "line_number": 169
      },
      {
        "type": "Secret Keyword",
        "filename": "tests/services/llm/test_config_module.py",
        "hashed_secret": "d7be9c8b7ec7e33a42d2a49b723e97c6c9adeb8f",
        "is_verified": false,
        "line_number": 180
      }
    ],
    "tests/services/llm/test_factory_langfuse_usage.py": [
      {
        "type": "Secret Keyword",
        "filename": "tests/services/llm/test_factory_langfuse_usage.py",
        "hashed_secret": "e9a5f12a8ecbb3eb46eca5096b5c52aa5e7c9fdd",
        "is_verified": false,
        "line_number": 48
      }
    ],
    "tests/services/llm/test_factory_provider_exec.py": [
      {
        "type": "Secret Keyword",
        "filename": "tests/services/llm/test_factory_provider_exec.py",
        "hashed_secret": "6b8f36db289d14c3c7ba1bb21147b7a4fa7e7536",
        "is_verified": false,
        "line_number": 19
      },
      {
        "type": "Secret Keyword",
        "filename": "tests/services/llm/test_factory_provider_exec.py",
        "hashed_secret": "627a27ae52d38269376e0117355fefc891b60334",
        "is_verified": false,
        "line_number": 45
      },
      {
        "type": "Secret Keyword",
        "filename": "tests/services/llm/test_factory_provider_exec.py",
        "hashed_secret": "9247e92e3d5c3957c5f5480ec8917b9100baa32d",
        "is_verified": false,
        "line_number": 220
      }
    ],
    "tests/services/llm/test_provider_observability.py": [
      {
        "type": "Secret Keyword",
        "filename": "tests/services/llm/test_provider_observability.py",
        "hashed_secret": "e9a5f12a8ecbb3eb46eca5096b5c52aa5e7c9fdd",
        "is_verified": false,
        "line_number": 46
      }
    ],
    "tests/services/llm/test_ssl_verify_policy.py": [
      {
        "type": "Secret Keyword",
        "filename": "tests/services/llm/test_ssl_verify_policy.py",
        "hashed_secret": "e9a5f12a8ecbb3eb46eca5096b5c52aa5e7c9fdd",
        "is_verified": false,
        "line_number": 25
      }
    ],
    "tests/services/member_console/test_directory.py": [
      {
        "type": "Secret Keyword",
        "filename": "tests/services/member_console/test_directory.py",
        "hashed_secret": "b315268783c6464d45deaf7fd551b5601f8b75b9",
        "is_verified": false,
        "line_number": 105
      }
    ],
    "tests/services/model_selection/test_llm_selection.py": [
      {
        "type": "Secret Keyword",
        "filename": "tests/services/model_selection/test_llm_selection.py",
        "hashed_secret": "e5e9fa1ba31ecd1ae84f75caaa474f3a663f05f4",
        "is_verified": false,
        "line_number": 21
      },
      {
        "type": "Secret Keyword",
        "filename": "tests/services/model_selection/test_llm_selection.py",
        "hashed_secret": "76272dc4faf660733711f58c736830d27159fb55",
        "is_verified": false,
        "line_number": 23
      }
    ],
    "tests/services/notebook_card/test_store.py": [
      {
        "type": "Secret Keyword",
        "filename": "tests/services/notebook_card/test_store.py",
        "hashed_secret": "c9a5a3092d609075c8da5052cdf3a36da17e1df3",
        "is_verified": false,
        "line_number": 75
      }
    ],
    "tests/services/observability/test_release_lineage.py": [
      {
        "type": "Hex High Entropy String",
        "filename": "tests/services/observability/test_release_lineage.py",
        "hashed_secret": "90bd1b48e958257948487b90bee080ba5ed00caa",
        "is_verified": false,
        "line_number": 15
      }
    ],
    "tests/services/rag/test_kbv5_pipeline.py": [
      {
        "type": "Basic Auth Credentials",
        "filename": "tests/services/rag/test_kbv5_pipeline.py",
        "hashed_secret": "9d4e1e23bd5b727046a9e3b4b7db57bd8d6ee684",
        "is_verified": false,
        "line_number": 199
      }
    ],
    "tests/services/rag/test_learning_fact_retrieval_pipeline.py": [
      {
        "type": "Secret Keyword",
        "filename": "tests/services/rag/test_learning_fact_retrieval_pipeline.py",
        "hashed_secret": "3acfb2c2b433c0ea7ff107e33df91b18e52f960f",
        "is_verified": false,
        "line_number": 10
      }
    ],
    "tests/services/rag/test_rag_failure_contract.py": [
      {
        "type": "Secret Keyword",
        "filename": "tests/services/rag/test_rag_failure_contract.py",
        "hashed_secret": "3acfb2c2b433c0ea7ff107e33df91b18e52f960f",
        "is_verified": false,
        "line_number": 79
      }
    ],
    "tests/services/rag/test_rag_pipelines.py": [
      {
        "type": "Secret Keyword",
        "filename": "tests/services/rag/test_rag_pipelines.py",
        "hashed_secret": "3acfb2c2b433c0ea7ff107e33df91b18e52f960f",
        "is_verified": false,
        "line_number": 38
      }
    ],
    "tests/services/rag/test_supabase_check_chunk_ids.py": [
      {
        "type": "Secret Keyword",
        "filename": "tests/services/rag/test_supabase_check_chunk_ids.py",
        "hashed_secret": "3acfb2c2b433c0ea7ff107e33df91b18e52f960f",
        "is_verified": false,
        "line_number": 24
      }
    ],
    "tests/services/rag/test_supabase_strategy.py": [
      {
        "type": "Secret Keyword",
        "filename": "tests/services/rag/test_supabase_strategy.py",
        "hashed_secret": "3acfb2c2b433c0ea7ff107e33df91b18e52f960f",
        "is_verified": false,
        "line_number": 465
      }
    ],
    "tests/services/search/test_web_search_runtime.py": [
      {
        "type": "Secret Keyword",
        "filename": "tests/services/search/test_web_search_runtime.py",
        "hashed_secret": "e5e9fa1ba31ecd1ae84f75caaa474f3a663f05f4",
        "is_verified": false,
        "line_number": 162
      }
    ],
    "tests/services/taxonomy/test_construction_taxonomy.py": [
      {
        "type": "Hex High Entropy String",
        "filename": "tests/services/taxonomy/test_construction_taxonomy.py",
        "hashed_secret": "b74ad41e7a530dfc80af5e3dc00e8a7fd7bce8a9",
        "is_verified": false,
        "line_number": 40
      }
    ],
    "tests/services/test_bailian_billing.py": [
      {
        "type": "Secret Keyword",
        "filename": "tests/services/test_bailian_billing.py",
        "hashed_secret": "766a6e8998aefe2117d62c2d48411e43161ffa11",
        "is_verified": false,
        "line_number": 107
      }
    ],
    "tests/services/test_bailian_telemetry.py": [
      {
        "type": "Secret Keyword",
        "filename": "tests/services/test_bailian_telemetry.py",
        "hashed_secret": "766a6e8998aefe2117d62c2d48411e43161ffa11",
        "is_verified": false,
        "line_number": 68
      }
    ],
    "tests/services/test_deepseek_billing.py": [
      {
        "type": "Secret Keyword",
        "filename": "tests/services/test_deepseek_billing.py",
        "hashed_secret": "e9a5f12a8ecbb3eb46eca5096b5c52aa5e7c9fdd",
        "is_verified": false,
        "line_number": 84
      }
    ],
    "tests/services/test_invite_test_applications.py": [
      {
        "type": "Secret Keyword",
        "filename": "tests/services/test_invite_test_applications.py",
        "hashed_secret": "0ff3538e58efb5381583c1fe474d1b43a7809a19",
        "is_verified": false,
        "line_number": 184
      },
      {
        "type": "Basic Auth Credentials",
        "filename": "tests/services/test_invite_test_applications.py",
        "hashed_secret": "afc848c316af1a89d49826c5ae9d00ed769415f3",
        "is_verified": false,
        "line_number": 185
      },
      {
        "type": "Secret Keyword",
        "filename": "tests/services/test_invite_test_applications.py",
        "hashed_secret": "b315268783c6464d45deaf7fd551b5601f8b75b9",
        "is_verified": false,
        "line_number": 300
      },
      {
        "type": "Basic Auth Credentials",
        "filename": "tests/services/test_invite_test_applications.py",
        "hashed_secret": "9d4e1e23bd5b727046a9e3b4b7db57bd8d6ee684",
        "is_verified": false,
        "line_number": 301
      }
    ],
    "tests/services/test_langfuse_observability.py": [
      {
        "type": "Secret Keyword",
        "filename": "tests/services/test_langfuse_observability.py",
        "hashed_secret": "005aa9fdbeab4d8cd0a9a15df53955839686efc4",
        "is_verified": false,
        "line_number": 445
      }
    ],
    "tests/services/test_model_catalog.py": [
      {
        "type": "Secret Keyword",
        "filename": "tests/services/test_model_catalog.py",
        "hashed_secret": "f2bb1f20475e99c2af44a6f6844c1329bea9d3d2",
        "is_verified": false,
        "line_number": 91
      },
      {
        "type": "Secret Keyword",
        "filename": "tests/services/test_model_catalog.py",
        "hashed_secret": "21729167f484c69c93d2a1956dace832faee1e6a",
        "is_verified": false,
        "line_number": 109
      },
      {
        "type": "Secret Keyword",
        "filename": "tests/services/test_model_catalog.py",
        "hashed_secret": "3090ca86558e326f27cb6f36d0592ed339f108be",
        "is_verified": false,
        "line_number": 143
      },
      {
        "type": "Secret Keyword",
        "filename": "tests/services/test_model_catalog.py",
        "hashed_secret": "c02d46771666140734db6f2e650f2b051f448aad",
        "is_verified": false,
        "line_number": 148
      },
      {
        "type": "Secret Keyword",
        "filename": "tests/services/test_model_catalog.py",
        "hashed_secret": "c8d8f8140951794fa875ea2c2d010c4382f36566",
        "is_verified": false,
        "line_number": 169
      },
      {
        "type": "Secret Keyword",
        "filename": "tests/services/test_model_catalog.py",
        "hashed_secret": "49011dc8ffb197ad812e4478c941a8dafd186e54",
        "is_verified": false,
        "line_number": 234
      },
      {
        "type": "Secret Keyword",
        "filename": "tests/services/test_model_catalog.py",
        "hashed_secret": "1063e99f85cf23ff1a465d2edfe979b86cfa6947",
        "is_verified": false,
        "line_number": 275
      },
      {
        "type": "Secret Keyword",
        "filename": "tests/services/test_model_catalog.py",
        "hashed_secret": "a2c1e11d13bd433f24717a2a71efab54ee1d0fcc",
        "is_verified": false,
        "line_number": 291
      }
    ],
    "tests/services/test_provider_reconciliation.py": [
      {
        "type": "Secret Keyword",
        "filename": "tests/services/test_provider_reconciliation.py",
        "hashed_secret": "d3c32b28019f721c2ff8285ab3b8676b322c7ffa",
        "is_verified": false,
        "line_number": 44
      }
    ],
    "tests/services/test_usage_ledger.py": [
      {
        "type": "Secret Keyword",
        "filename": "tests/services/test_usage_ledger.py",
        "hashed_secret": "f28dcc59e0ba9881bcd1f704979562be4d2ae683",
        "is_verified": false,
        "line_number": 138
      }
    ],
    "tests/services/wallet/test_identity.py": [
      {
        "type": "Secret Keyword",
        "filename": "tests/services/wallet/test_identity.py",
        "hashed_secret": "b315268783c6464d45deaf7fd551b5601f8b75b9",
        "is_verified": false,
        "line_number": 106
      }
    ],
    "tests/services/wallet/test_service.py": [
      {
        "type": "Secret Keyword",
        "filename": "tests/services/wallet/test_service.py",
        "hashed_secret": "e9f822db61774ec7f2ee8818c461a1ffcf94cfaf",
        "is_verified": false,
        "line_number": 217
      },
      {
        "type": "Secret Keyword",
        "filename": "tests/services/wallet/test_service.py",
        "hashed_secret": "b315268783c6464d45deaf7fd551b5601f8b75b9",
        "is_verified": false,
        "line_number": 527
      }
    ],
    "tests/test_openrouter_provider.py": [
      {
        "type": "Secret Keyword",
        "filename": "tests/test_openrouter_provider.py",
        "hashed_secret": "3acfb2c2b433c0ea7ff107e33df91b18e52f960f",
        "is_verified": false,
        "line_number": 10
      }
    ],
    "tests/tutorbot/providers/test_openai_compat_provider_usage.py": [
      {
        "type": "Secret Keyword",
        "filename": "tests/tutorbot/providers/test_openai_compat_provider_usage.py",
        "hashed_secret": "e9a5f12a8ecbb3eb46eca5096b5c52aa5e7c9fdd",
        "is_verified": false,
        "line_number": 26
      }
    ],
    "tests/tutorbot/test_provider_observability.py": [
      {
        "type": "Secret Keyword",
        "filename": "tests/tutorbot/test_provider_observability.py",
        "hashed_secret": "e9a5f12a8ecbb3eb46eca5096b5c52aa5e7c9fdd",
        "is_verified": false,
        "line_number": 51
      }
    ],
    "tests/tutorbot/test_tutorbot_guardrails.py": [
      {
        "type": "Secret Keyword",
        "filename": "tests/tutorbot/test_tutorbot_guardrails.py",
        "hashed_secret": "c053ecf9ed41df0311b9df13cc6c3b6078d2d3c2",
        "is_verified": false,
        "line_number": 201
      }
    ],
    "web/tests/bi-admin-login-disabled.test.ts": [
      {
        "type": "Secret Keyword",
        "filename": "web/tests/bi-admin-login-disabled.test.ts",
        "hashed_secret": "f3bbbd66a63d4bf1747940578ec3d0103530e21d",
        "is_verified": false,
        "line_number": 22
      }
    ],
    "wx_miniprogram/tests/test_api_base_failover.js": [
      {
        "type": "Secret Keyword",
        "filename": "wx_miniprogram/tests/test_api_base_failover.js",
        "hashed_secret": "e5e9fa1ba31ecd1ae84f75caaa474f3a663f05f4",
        "is_verified": false,
        "line_number": 153
      }
    ],
    "wx_miniprogram/tests/test_api_noauth_401.js": [
      {
        "type": "Secret Keyword",
        "filename": "wx_miniprogram/tests/test_api_noauth_401.js",
        "hashed_secret": "a4b48a81cdab1e1a5dd37907d6c85ca1c61ddc7c",
        "is_verified": false,
        "line_number": 108
      }
    ],
    "yousenwebview/tests/test_api_base_failover.js": [
      {
        "type": "Secret Keyword",
        "filename": "yousenwebview/tests/test_api_base_failover.js",
        "hashed_secret": "e5e9fa1ba31ecd1ae84f75caaa474f3a663f05f4",
        "is_verified": false,
        "line_number": 120
      }
    ],
    "yousenwebview/tests/test_api_noauth_401.js": [
      {
        "type": "Secret Keyword",
        "filename": "yousenwebview/tests/test_api_noauth_401.js",
        "hashed_secret": "a4b48a81cdab1e1a5dd37907d6c85ca1c61ddc7c",
        "is_verified": false,
        "line_number": 111
      }
    ],
    "yousenwebview/tests/test_password_reset_flow.js": [
      {
        "type": "Secret Keyword",
        "filename": "yousenwebview/tests/test_password_reset_flow.js",
        "hashed_secret": "c218e39efa2e1aae69f39d2054528369ce1e1f46",
        "is_verified": false,
        "line_number": 198
      },
      {
        "type": "Secret Keyword",
        "filename": "yousenwebview/tests/test_password_reset_flow.js",
        "hashed_secret": "6367c48dd193d56ea7b0baad25b19455e529f5ee",
        "is_verified": false,
        "line_number": 236
      },
      {
        "type": "Secret Keyword",
        "filename": "yousenwebview/tests/test_password_reset_flow.js",
        "hashed_secret": "606238e525f7dafc49fed157e036866913ea3e40",
        "is_verified": false,
        "line_number": 259
      }
    ]
  },
  "generated_at": "2026-07-09T04:21:33Z"
}
